> Task :app:checkKotlinGradlePluginConfigurationErrors SKIPPED
> Task :app:preBuild UP-TO-DATE
> Task :app:preDebugBuild UP-TO-DATE
> Task :app:generateDebugBuildConfig UP-TO-DATE
> Task :app:checkDebugAarMetadata UP-TO-DATE
> Task :app:processDebugNavigationResources UP-TO-DATE
> Task :app:compileDebugNavigationResources UP-TO-DATE
> Task :app:generateDebugResValues UP-TO-DATE
> Task :app:processDebugGoogleServices UP-TO-DATE
> Task :app:mapDebugSourceSetPaths UP-TO-DATE
> Task :app:generateDebugResources UP-TO-DATE
> Task :app:mergeDebugResources UP-TO-DATE
> Task :app:packageDebugResources UP-TO-DATE
> Task :app:parseDebugLocalResources UP-TO-DATE
> Task :app:createDebugCompatibleScreenManifests UP-TO-DATE
> Task :app:extractDeepLinksDebug UP-TO-DATE
> Task :app:processDebugMainManifest UP-TO-DATE
> Task :app:processDebugManifest UP-TO-DATE
> Task :app:processDebugManifestForPackage UP-TO-DATE
> Task :app:processDebugResources UP-TO-DATE

> Task :app:compileDebugKotlin FAILED
./gradlew : e: file:///C:/Users/jesre/OneDrive/Desktop/New%20folder/QuestTracker-V
-master/app/src/main/java/com/veigar/questtracker/MainNavHost.kt:27:42 Unresolved 
reference 'settings'.
At line:1 char:1
+ ./gradlew :app:compileDebugKotlin --console=plain 2>&1 | Out-File -Fi ...
+ ~~~~~~~~~~~~~~~~~~~~~~~~~~~~~~~~~~~~~~~~~~~~~~~~~~~~~~
    + CategoryInfo          : NotSpecified: (e: file:///C:/U...nce 'settings'.:St 
   ring) [], RemoteException
    + FullyQualifiedErrorId : NativeCommandError
 
e: file:///C:/Users/jesre/OneDrive/Desktop/New%20folder/QuestTracker-V-master/app/
src/main/java/com/veigar/questtracker/MainNavHost.kt:34:17 Unresolved reference 
'hilt'.
e: file:///C:/Users/jesre/OneDrive/Desktop/New%20folder/QuestTracker-V-master/app/
src/main/java/com/veigar/questtracker/MainNavHost.kt:76:29 Unresolved reference 
'hiltViewModel'.
e: file:///C:/Users/jesre/OneDrive/Desktop/New%20folder/QuestTracker-V-master/app/
src/main/java/com/veigar/questtracker/MainNavHost.kt:84:29 Unresolved reference 
'hiltViewModel'.
e: file:///C:/Users/jesre/OneDrive/Desktop/New%20folder/QuestTracker-V-master/app/
src/main/java/com/veigar/questtracker/MainNavHost.kt:133:29 Unresolved reference 
'hiltViewModel'.
e: file:///C:/Users/jesre/OneDrive/Desktop/New%20folder/QuestTracker-V-master/app/
src/main/java/com/veigar/questtracker/MainNavHost.kt:166:29 Unresolved reference 
'hiltViewModel'.
e: file:///C:/Users/jesre/OneDrive/Desktop/New%20folder/QuestTracker-V-master/app/
src/main/java/com/veigar/questtracker/ui/screen/child/tab/ChildTasks.kt:26:17 
Unresolved reference 'hilt'.

FAILURE: Build failed with an exception.

* What went wrong:
Execution failed for task ':app:compileDebugKotlin'.
> A failure occurred while executing org.jetbrains.kotlin.compilerRunner.GradleCom
pilerRunnerWithWorkers$GradleKotlinCompilerWorkAction
   > Compilation error. See log for more details

* Try:
> Run with --stacktrace option to get the stack trace.
> Run with --info or --debug option to get more log output.
> Run with --scan to get full insights.
> Get more help at https://help.gradle.org.

BUILD FAILED in 6s
18 actionable tasks: 1 executed, 17 up-to-date
