> Task :app:clean
> Task :app:checkKotlinGradlePluginConfigurationErrors SKIPPED
> Task :app:preBuild UP-TO-DATE
> Task :app:preDebugBuild UP-TO-DATE
> Task :app:generateDebugBuildConfig
> Task :app:processDebugNavigationResources
> Task :app:generateDebugResValues
> Task :app:checkDebugAarMetadata
> Task :app:compileDebugNavigationResources
> Task :app:processDebugGoogleServices
> Task :app:mapDebugSourceSetPaths
> Task :app:generateDebugResources
> Task :app:packageDebugResources
> Task :app:mergeDebugResources
> Task :app:createDebugCompatibleScreenManifests
> Task :app:extractDeepLinksDebug
> Task :app:parseDebugLocalResources
> Task :app:processDebugMainManifest
> Task :app:processDebugManifest
> Task :app:processDebugManifestForPackage
> Task :app:processDebugResources

> Task :app:compileDebugKotlin FAILED
./gradlew : e: file:///C:/Users/jesre/OneDrive/Desktop/New%20folder/QuestTracker-V
-master/app/src/main/java/com/veigar/questtracker/MainNavHost.kt:27:42 Unresolved 
reference 'settings'.
At line:1 char:1
+ ./gradlew clean :app:compileDebugKotlin 2>&1 | Tee-Object -FilePath c ...
+ ~~~~~~~~~~~~~~~~~~~~~~~~~~~~~~~~~~~~~~~~~~~~
    + CategoryInfo          : NotSpecified: (e: file:///C:/U...nce 'settings'.:St 
   ring) [], RemoteException
    + FullyQualifiedErrorId : NativeCommandError
 
e: file:///C:/Users/jesre/OneDrive/Desktop/New%20folder/QuestTracker-V-master/app/
src/main/java/com/veigar/questtracker/MainNavHost.kt:34:17 Unresolved reference 
'hilt'.
e: file:///C:/Users/jesre/OneDrive/Desktop/New%20folder/QuestTracker-V-master/app/
src/main/java/com/veigar/questtracker/MainNavHost.kt:76:29 Unresolved reference 
'hiltViewModel'.
e: file:///C:/Users/jesre/OneDrive/Desktop/New%20folder/QuestTracker-V-master/app/
src/main/java/com/veigar/questtracker/MainNavHost.kt:84:29 Unresolved reference 
'hiltViewModel'.
e: file:///C:/Users/jesre/OneDrive/Desktop/New%20folder/QuestTracker-V-master/app/
src/main/java/com/veigar/questtracker/MainNavHost.kt:133:29 Unresolved reference 
'hiltViewModel'.
e: file:///C:/Users/jesre/OneDrive/Desktop/New%20folder/QuestTracker-V-master/app/
src/main/java/com/veigar/questtracker/MainNavHost.kt:166:29 Unresolved reference 
'hiltViewModel'.
e: file:///C:/Users/jesre/OneDrive/Desktop/New%20folder/QuestTracker-V-master/app/
src/main/java/com/veigar/questtracker/ui/screen/child/tab/ChildTasks.kt:26:17 
Unresolved reference 'hilt'.
e: file:///C:/Users/jesre/OneDrive/Desktop/New%20folder/QuestTracker-V-master/app/
src/main/java/com/veigar/questtracker/ui/screen/child/tab/ChildTasks.kt:96:69 
Unresolved reference 'tabIndicatorOffset'.

FAILURE: Build failed with an exception.

* What went wrong:
Execution failed for task ':app:compileDebugKotlin'.
> A failure occurred while executing org.jetbrains.kotlin.compilerRunner.GradleCom
pilerRunnerWithWorkers$GradleKotlinCompilerWorkAction
   > Compilation error. See log for more details

* Try:
> Run with --stacktrace option to get the stack trace.
> Run with --info or --debug option to get more log output.
> Run with --scan to get full insights.
> Get more help at https://help.gradle.org.

BUILD FAILED in 8s
19 actionable tasks: 19 executed
